
这是删除旧分区的方法
[root@localhost ~]# parted /dev/sda
GNU Parted 3.2
Using /dev/sda
Welcome to GNU Parted! Type 'help' to view a list of commands.
(parted) print                                                            
Model: VMware, VMware Virtual S (scsi)
Disk /dev/sda: 42.9GB
Sector size (logical/physical): 512B/512B
Partition Table: msdos
Disk Flags: 

Number  Start   End     Size    Type     File system  Flags
 1      1049kB  1075MB  1074MB  primary  ext4         boot
 2      1075MB  37.6GB  36.5GB  primary

(parted) unit s print                                                     
Model: VMware, VMware Virtual S (scsi)
Disk /dev/sda: 83886080s
Sector size (logical/physical): 512B/512B
Partition Table: msdos
Disk Flags: 

Number  Start     End        Size       Type     File system  Flags
 1      2048s     2099199s   2097152s   primary  ext4         boot
 2      2099200s  73400319s  71301120s  primary

(parted) rm 2                                                             
Error: Partition(s) 2 on /dev/sda have been written, but we have been unable to inform
the kernel of the change, probably because it/they are in use.  As a result, the old
partition(s) will remain in use.  You should reboot now before making further changes.
Ignore/Cancel? I                                                          
(parted) unit s print
Model: VMware, VMware Virtual S (scsi)
Disk /dev/sda: 83886080s
Sector size (logical/physical): 512B/512B
Partition Table: msdos
Disk Flags: 

Number  Start  End       Size      Type     File system  Flags
 1      2048s  2099199s  2097152s  primary  ext4         boot

(parted) mkpart
Partition type?  primary/extended? primary
File system type?  [ext2]? ext4                                           
Start? 2099200s                                                           
End? 83886079s                                                            
(parted) unit s print
Model: VMware, VMware Virtual S (scsi)
Disk /dev/sda: 83886080s
Sector size (logical/physical): 512B/512B
Partition Table: msdos
Disk Flags: 

Number  Start     End        Size       Type     File system  Flags
 1      2048s     2099199s   2097152s   primary  ext4         boot
 2      2099200s  83886079s  81786880s  primary  ext4         lba

(parted) help                                                             
  align-check TYPE N                        check partition N for TYPE(min|opt)
        alignment
  help [COMMAND]                           print general help, or help on COMMAND
  mklabel,mktable LABEL-TYPE               create a new disklabel (partition table)
  mkpart PART-TYPE [FS-TYPE] START END     make a partition
  name NUMBER NAME                         name partition NUMBER as NAME
  print [devices|free|list,all|NUMBER]     display the partition table, available
        devices, free space, all found partitions, or a particular partition
  quit                                     exit program
  rescue START END                         rescue a lost partition near START and END
  resizepart NUMBER END                    resize partition NUMBER
  rm NUMBER                                delete partition NUMBER
  select DEVICE                            choose the device to edit
  disk_set FLAG STATE                      change the FLAG on selected device
  disk_toggle [FLAG]                       toggle the state of FLAG on selected device
  set NUMBER FLAG STATE                    change the FLAG on partition NUMBER
  toggle [NUMBER [FLAG]]                   toggle the state of FLAG on partition NUMBER
  unit UNIT                                set the default unit to UNIT
  version                                  display the version number and copyright
        information of GNU Parted
(parted) quit
Information: You may need to update /etc/fstab.

[root@localhost ~]# pvresize /dev/sda2                                    
  Physical volume "/dev/sda2" changed
  1 physical volume(s) resized / 0 physical volume(s) not resized
  WARNING: D-Bus notification failed: The name com.redhat.lvmdbus1 was not provided by any .service files
[root@localhost ~]# vgdisplay -C
  VG     #PV #LV #SN Attr   VSize  VFree 
  fedora   1   3   0 wz--n- 39.00g 22.80g

这是用resizepart直接重新定位end的方法

[root@localhost ~]# parted /dev/sda
GNU Parted 3.2
Using /dev/sda
Welcome to GNU Parted! Type 'help' to view a list of commands.
(parted) unit s print                                                     
Model: VMware, VMware Virtual S (scsi)
Disk /dev/sda: 94371840s
Sector size (logical/physical): 512B/512B
Partition Table: msdos
Disk Flags: 

Number  Start     End        Size       Type     File system  Flags
 1      2048s     2099199s   2097152s   primary  ext4         boot
 2      2099200s  83886079s  81786880s  primary               lvm

(parted) resizepart 2 94371839s
(parted) unit s print                                                     
Model: VMware, VMware Virtual S (scsi)
Disk /dev/sda: 94371840s
Sector size (logical/physical): 512B/512B
Partition Table: msdos
Disk Flags: 

Number  Start     End        Size       Type     File system  Flags
 1      2048s     2099199s   2097152s   primary  ext4         boot
 2      2099200s  94371839s  92272640s  primary               lvm

(parted) quit                                                             
Information: You may need to update /etc/fstab.

[root@localhost ~]# pvresize /dev/sda2                                    
  Physical volume "/dev/sda2" changed
  1 physical volume(s) resized / 0 physical volume(s) not resized
  WARNING: D-Bus notification failed: The name com.redhat.lvmdbus1 was not provided by any .service files
[root@localhost ~]# vgdisplay -C
  VG     #PV #LV #SN Attr   VSize  VFree 
  fedora   1   3   0 wz--n- 44.00g 27.80g
  
  
  在centos6下，因为parted的版本只有2.1,没有resizepart的方法，所以必须采用删除旧分区和新建新分区的方法
  同时必须重启后才能生效
  
  
  [root@localhost ~]# parted /dev/sda
GNU Parted 2.1
Using /dev/sda
Welcome to GNU Parted! Type 'help' to view a list of commands.
(parted) unit s print                                                     
Model: VMware, VMware Virtual S (scsi)
Disk /dev/sda: 52428800s
Sector size (logical/physical): 512B/512B
Partition Table: msdos

Number  Start     End        Size       Type     File system  Flags
 1      2048s     1026047s   1024000s   primary  ext4         boot
 2      1026048s  41943039s  40916992s  primary               lvm

(parted) rm 2                                                             
Warning: WARNING: the kernel failed to re-read the partition table on /dev/sda (Device or
resource busy).  As a result, it may not reflect all of your changes until after reboot.
(parted) unit s print
Model: VMware, VMware Virtual S (scsi)
Disk /dev/sda: 52428800s
Sector size (logical/physical): 512B/512B
Partition Table: msdos

Number  Start  End       Size      Type     File system  Flags
 1      2048s  1026047s  1024000s  primary  ext4         boot

(parted) mkpart
Partition type?  primary/extended? primary                                
File system type?  [ext2]?                                                
Start? 1026048s                                                           
End? 52428799s                                                            
Warning: WARNING: the kernel failed to re-read the partition table on /dev/sda (Device or
resource busy).  As a result, it may not reflect all of your changes until after reboot.
(parted) unit s print                                                     
Model: VMware, VMware Virtual S (scsi)
Disk /dev/sda: 52428800s
Sector size (logical/physical): 512B/512B
Partition Table: msdos

Number  Start     End        Size       Type     File system  Flags
 1      2048s     1026047s   1024000s   primary  ext4         boot
 2      1026048s  52428799s  51402752s  primary

(parted) set 2 lvm on                                                     
Warning: WARNING: the kernel failed to re-read the partition table on /dev/sda (Device or
resource busy).  As a result, it may not reflect all of your changes until after reboot.
(parted) unit s print                                                     
Model: VMware, VMware Virtual S (scsi)
Disk /dev/sda: 52428800s
Sector size (logical/physical): 512B/512B
Partition Table: msdos

Number  Start     End        Size       Type     File system  Flags
 1      2048s     1026047s   1024000s   primary  ext4         boot
 2      1026048s  52428799s  51402752s  primary               lvm

(parted) quit                                                             
Information: You may need to update /etc/fstab.                           

[root@localhost ~]# pvresize /dev/sda2
  Physical volume "/dev/sda2" changed
  1 physical volume(s) resized / 0 physical volume(s) not resized
[root@localhost ~]# vgdiplay -C
-bash: vgdiplay: command not found
[root@localhost ~]# vgdisplay -C
  VG             #PV #LV #SN Attr   VSize  VFree
  vg_centostes01   1   2   0 wz--n- 19.51g    0 

fdisk branch
[root@localhost ~]# fdisk -ul /dev/sda

Disk /dev/sda: 37.6 GB, 37580963840 bytes
255 heads, 63 sectors/track, 4568 cylinders, total 73400320 sectors
Units = sectors of 1 * 512 = 512 bytes
Sector size (logical/physical): 512 bytes / 512 bytes
I/O size (minimum/optimal): 512 bytes / 512 bytes
Disk identifier: 0x000d1d34

   Device Boot      Start         End      Blocks   Id  System
/dev/sda1   *        2048     1026047      512000   83  Linux
Partition 1 does not end on cylinder boundary.
/dev/sda2         1026048    62914559    30944256   8e  Linux LVM
[root@localhost ~]# fdisk /dev/sda

WARNING: DOS-compatible mode is deprecated. It's strongly recommended to
         switch off the mode (command 'c') and change display units to
         sectors (command 'u').

Command (m for help): p

Disk /dev/sda: 37.6 GB, 37580963840 bytes
255 heads, 63 sectors/track, 4568 cylinders
Units = cylinders of 16065 * 512 = 8225280 bytes
Sector size (logical/physical): 512 bytes / 512 bytes
I/O size (minimum/optimal): 512 bytes / 512 bytes
Disk identifier: 0x000d1d34

   Device Boot      Start         End      Blocks   Id  System
/dev/sda1   *           1          64      512000   83  Linux
Partition 1 does not end on cylinder boundary.
/dev/sda2              64        3917    30944256   8e  Linux LVM

Command (m for help): d
Partition number (1-4): 2

Command (m for help): m
Command action
   a   toggle a bootable flag
   b   edit bsd disklabel
   c   toggle the dos compatibility flag
   d   delete a partition
   l   list known partition types
   m   print this menu
   n   add a new partition
   o   create a new empty DOS partition table
   p   print the partition table
   q   quit without saving changes
   s   create a new empty Sun disklabel
   t   change a partition's system id
   u   change display/entry units
   v   verify the partition table
   w   write table to disk and exit
   x   extra functionality (experts only)

Command (m for help): u
Changing display/entry units to sectors

Command (m for help): p

Disk /dev/sda: 37.6 GB, 37580963840 bytes
255 heads, 63 sectors/track, 4568 cylinders, total 73400320 sectors
Units = sectors of 1 * 512 = 512 bytes
Sector size (logical/physical): 512 bytes / 512 bytes
I/O size (minimum/optimal): 512 bytes / 512 bytes
Disk identifier: 0x000d1d34

   Device Boot      Start         End      Blocks   Id  System
/dev/sda1   *        2048     1026047      512000   83  Linux
Partition 1 does not end on cylinder boundary.

Command (m for help): n
Command action
   e   extended
   p   primary partition (1-4)
p
Partition number (1-4): 2
First sector (63-73400319, default 63): 1026048
Last sector, +sectors or +size{K,M,G} (1026048-73400319, default 73400319): 
Using default value 73400319

Command (m for help): p

Disk /dev/sda: 37.6 GB, 37580963840 bytes
255 heads, 63 sectors/track, 4568 cylinders, total 73400320 sectors
Units = sectors of 1 * 512 = 512 bytes
Sector size (logical/physical): 512 bytes / 512 bytes
I/O size (minimum/optimal): 512 bytes / 512 bytes
Disk identifier: 0x000d1d34

   Device Boot      Start         End      Blocks   Id  System
/dev/sda1   *        2048     1026047      512000   83  Linux
Partition 1 does not end on cylinder boundary.
/dev/sda2         1026048    73400319    36187136   83  Linux

Command (m for help): t
Partition number (1-4): 2
Hex code (type L to list codes): 8e
Changed system type of partition 2 to 8e (Linux LVM)

Command (m for help): w
The partition table has been altered!

Calling ioctl() to re-read partition table.

WARNING: Re-reading the partition table failed with error 16: Device or resource busy.
The kernel still uses the old table. The new table will be used at
the next reboot or after you run partprobe(8) or kpartx(8)
Syncing disks.
[root@localhost ~]# fdisk -ul /dev/sda

Disk /dev/sda: 37.6 GB, 37580963840 bytes
255 heads, 63 sectors/track, 4568 cylinders, total 73400320 sectors
Units = sectors of 1 * 512 = 512 bytes
Sector size (logical/physical): 512 bytes / 512 bytes
I/O size (minimum/optimal): 512 bytes / 512 bytes
Disk identifier: 0x000d1d34

   Device Boot      Start         End      Blocks   Id  System
/dev/sda1   *        2048     1026047      512000   83  Linux
Partition 1 does not end on cylinder boundary.
/dev/sda2         1026048    73400319    36187136   8e  Linux LVM
[root@localhost ~]# partprobe /dev/sda
Warning: WARNING: the kernel failed to re-read the partition table on /dev/sda (Device or resource busy).  As a result, it may not reflect all of your changes until after reboot.
[root@localhost ~]# pvresize /dev/sda2
  Physical volume "/dev/sda2" changed
  1 physical volume(s) resized / 0 physical volume(s) not resized
[root@localhost ~]# pvscan
  PV /dev/sdb1   VG othervg01        lvm2 [14.00 GiB / 12.00 GiB free]
  PV /dev/sda2   VG vg_centostes01   lvm2 [29.51 GiB / 10.00 GiB free]
  Total: 2 [43.50 GiB] / in use: 2 [43.50 GiB] / in no VG: 0 [0   ]
[root@localhost ~]# exit

